// Jest Snapshot v1, https://goo.gl/fbAQLP

exports[`Missing will match snapshot 1`] = `
<div>
  <div
    class="content row"
  >
    <div
      class="content-col-left col-md p-5 align-self-center"
    >
      <img
        alt=""
        class="img-fluid"
        src="moon.png"
      />
    </div>
    <div
      class="content-col-right col-md p-5 align-self-center text-light"
    >
      <h1
        class="content-title text-left"
      >
        404 Not Found
      </h1>
      <p
        class="text-left"
      >
        We sorry, the page you are looking for does not appear. Please back home by pressing button bellow.
      </p>
      <img
        alt=""
        class="img-fluid"
        src="rocket.png"
      />
    </div>
  </div>
</div>
`;
